
  .   ____          _            __ _ _
 /\\ / ___'_ __ _ _(_)_ __  __ _ \ \ \ \
( ( )\___ | '_ | '_| | '_ \/ _` | \ \ \ \
 \\/  ___)| |_)| | | | | || (_| |  ) ) ) )
  '  |____| .__|_| |_|_| |_\__, | / / / /
 =========|_|==============|___/=/_/_/_/

 :: Spring Boot ::                (v3.5.3)

2026-08-30T17:25:18.460+08:00  INFO 84286 --- [           main] io.elmos.legacy.LegacyMvcApplication     : Starting LegacyMvcApplication v1.0.0 using Java 21.0.11 with PID 84286 (/private/tmp/elmos-mvc-exact-runtime.RXogV6/qualification/runs/spring-mvc-5.3.39-to-boot-3.5.3/migrated/target/legacy-spring-mvc-boot.war started by stephen in /private/tmp/elmos-mvc-exact-runtime.RXogV6/qualification/runs/spring-mvc-5.3.39-to-boot-3.5.3/migrated)
2026-08-30T17:25:18.461+08:00  INFO 84286 --- [           main] io.elmos.legacy.LegacyMvcApplication     : No active profile set, falling back to 1 default profile: "default"
2026-08-30T17:25:18.979+08:00  INFO 84286 --- [           main] o.s.b.w.embedded.tomcat.TomcatWebServer  : Tomcat initialized with port 60418 (http)
2026-08-30T17:25:18.984+08:00  INFO 84286 --- [           main] o.apache.catalina.core.StandardService   : Starting service [Tomcat]
2026-08-30T17:25:18.985+08:00  INFO 84286 --- [           main] o.apache.catalina.core.StandardEngine    : Starting Servlet engine: [Apache Tomcat/10.1.42]
2026-08-30T17:25:19.205+08:00  INFO 84286 --- [           main] org.apache.jasper.servlet.TldScanner     : At least one JAR was scanned for TLDs yet contained no TLDs. Enable debug logging for this logger for a complete list of JARs that were scanned but no TLDs were found in them. Skipping unneeded JARs during scanning can improve startup time and JSP compilation time.
2026-08-30T17:25:19.259+08:00  INFO 84286 --- [           main] o.a.c.c.C.[Tomcat].[localhost].[/]       : Initializing Spring embedded WebApplicationContext
2026-08-30T17:25:19.260+08:00  INFO 84286 --- [           main] w.s.c.ServletWebServerApplicationContext : Root WebApplicationContext: initialization completed in 782 ms
2026-08-30T17:25:19.590+08:00  INFO 84286 --- [           main] o.s.b.a.e.web.EndpointLinksResolver      : Exposing 1 endpoint beneath base path '/actuator'
2026-08-30T17:25:19.626+08:00  INFO 84286 --- [           main] o.s.b.w.embedded.tomcat.TomcatWebServer  : Tomcat started on port 60418 (http) with context path '/'
2026-08-30T17:25:19.640+08:00  INFO 84286 --- [           main] io.elmos.legacy.LegacyMvcApplication     : Started LegacyMvcApplication in 1.363 seconds (process running for 1.562)
2026-08-30T17:25:19.760+08:00  INFO 84286 --- [.1-60418-exec-1] o.a.c.c.C.[Tomcat].[localhost].[/]       : Initializing Spring DispatcherServlet 'dispatcherServlet'
2026-08-30T17:25:19.760+08:00  INFO 84286 --- [.1-60418-exec-1] o.s.web.servlet.DispatcherServlet        : Initializing Servlet 'dispatcherServlet'
2026-08-30T17:25:19.761+08:00  INFO 84286 --- [.1-60418-exec-1] o.s.web.servlet.DispatcherServlet        : Completed initialization in 1 ms
2026-08-30T17:25:20.287+08:00  INFO 84286 --- [ionShutdownHook] o.s.b.w.e.tomcat.GracefulShutdown        : Commencing graceful shutdown. Waiting for active requests to complete
2026-08-30T17:25:20.290+08:00  INFO 84286 --- [tomcat-shutdown] o.s.b.w.e.tomcat.GracefulShutdown        : Graceful shutdown complete
