NOTE: Picked up JDK_JAVA_OPTIONS:  --add-opens=java.base/java.lang=ALL-UNNAMED --add-opens=java.base/java.lang.invoke=ALL-UNNAMED --add-opens=java.base/java.lang.reflect=ALL-UNNAMED --add-opens=java.base/java.io=ALL-UNNAMED --add-opens=java.base/java.util=ALL-UNNAMED --add-opens=java.base/java.util.concurrent=ALL-UNNAMED --add-opens=java.rmi/sun.rmi.transport=ALL-UNNAMED
27-Aug-2026 12:03:53.576 INFO [main] org.apache.catalina.startup.VersionLoggerListener.log Server version name:   Apache Tomcat/9.0.120
27-Aug-2026 12:03:53.577 INFO [main] org.apache.catalina.startup.VersionLoggerListener.log Server built:          Jul 3 2026 07:49:53 UTC
27-Aug-2026 12:03:53.577 INFO [main] org.apache.catalina.startup.VersionLoggerListener.log Server version number: 9.0.120.0
27-Aug-2026 12:03:53.577 INFO [main] org.apache.catalina.startup.VersionLoggerListener.log OS Name:               Mac OS X
27-Aug-2026 12:03:53.577 INFO [main] org.apache.catalina.startup.VersionLoggerListener.log OS Version:            26.6.2
27-Aug-2026 12:03:53.577 INFO [main] org.apache.catalina.startup.VersionLoggerListener.log Architecture:          aarch64
27-Aug-2026 12:03:53.577 INFO [main] org.apache.catalina.startup.VersionLoggerListener.log Java Home:             /Users/stephen/Library/Java/JavaVirtualMachines/corretto-11.0.26/Contents/Home
27-Aug-2026 12:03:53.578 INFO [main] org.apache.catalina.startup.VersionLoggerListener.log JVM Version:           11.0.26+4-LTS
27-Aug-2026 12:03:53.578 INFO [main] org.apache.catalina.startup.VersionLoggerListener.log JVM Vendor:            Amazon.com Inc.
27-Aug-2026 12:03:53.578 INFO [main] org.apache.catalina.startup.VersionLoggerListener.log CATALINA_BASE:         /private/var/folders/4h/yp1x6drd3y92s2w4pthqh89c0000gn/T/spring-source-rollback-8v3jizy6
27-Aug-2026 12:03:53.578 INFO [main] org.apache.catalina.startup.VersionLoggerListener.log CATALINA_HOME:         /private/tmp/elmos-mvc-exact-runtime.S3ekrH/apache-tomcat-9.0.120
27-Aug-2026 12:03:53.586 INFO [main] org.apache.catalina.startup.VersionLoggerListener.log Command line argument: --add-opens=java.base/java.lang=ALL-UNNAMED
27-Aug-2026 12:03:53.586 INFO [main] org.apache.catalina.startup.VersionLoggerListener.log Command line argument: --add-opens=java.base/java.lang.invoke=ALL-UNNAMED
27-Aug-2026 12:03:53.586 INFO [main] org.apache.catalina.startup.VersionLoggerListener.log Command line argument: --add-opens=java.base/java.lang.reflect=ALL-UNNAMED
27-Aug-2026 12:03:53.587 INFO [main] org.apache.catalina.startup.VersionLoggerListener.log Command line argument: --add-opens=java.base/java.io=ALL-UNNAMED
27-Aug-2026 12:03:53.587 INFO [main] org.apache.catalina.startup.VersionLoggerListener.log Command line argument: --add-opens=java.base/java.util=ALL-UNNAMED
27-Aug-2026 12:03:53.587 INFO [main] org.apache.catalina.startup.VersionLoggerListener.log Command line argument: --add-opens=java.base/java.util.concurrent=ALL-UNNAMED
27-Aug-2026 12:03:53.587 INFO [main] org.apache.catalina.startup.VersionLoggerListener.log Command line argument: --add-opens=java.rmi/sun.rmi.transport=ALL-UNNAMED
27-Aug-2026 12:03:53.587 INFO [main] org.apache.catalina.startup.VersionLoggerListener.log Command line argument: -Djava.util.logging.config.file=/var/folders/4h/yp1x6drd3y92s2w4pthqh89c0000gn/T/spring-source-rollback-8v3jizy6/conf/logging.properties
27-Aug-2026 12:03:53.587 INFO [main] org.apache.catalina.startup.VersionLoggerListener.log Command line argument: -Djava.util.logging.manager=org.apache.juli.ClassLoaderLogManager
27-Aug-2026 12:03:53.587 INFO [main] org.apache.catalina.startup.VersionLoggerListener.log Command line argument: -Djdk.tls.ephemeralDHKeySize=2048
27-Aug-2026 12:03:53.587 INFO [main] org.apache.catalina.startup.VersionLoggerListener.log Command line argument: -Djava.protocol.handler.pkgs=org.apache.catalina.webresources
27-Aug-2026 12:03:53.587 INFO [main] org.apache.catalina.startup.VersionLoggerListener.log Command line argument: -Dsun.io.useCanonCaches=false
27-Aug-2026 12:03:53.587 INFO [main] org.apache.catalina.startup.VersionLoggerListener.log Command line argument: -Dorg.apache.catalina.security.SecurityListener.UMASK=0027
27-Aug-2026 12:03:53.587 INFO [main] org.apache.catalina.startup.VersionLoggerListener.log Command line argument: -Dignore.endorsed.dirs=
27-Aug-2026 12:03:53.587 INFO [main] org.apache.catalina.startup.VersionLoggerListener.log Command line argument: -Dcatalina.base=/var/folders/4h/yp1x6drd3y92s2w4pthqh89c0000gn/T/spring-source-rollback-8v3jizy6
27-Aug-2026 12:03:53.587 INFO [main] org.apache.catalina.startup.VersionLoggerListener.log Command line argument: -Dcatalina.home=/private/tmp/elmos-mvc-exact-runtime.S3ekrH/apache-tomcat-9.0.120
27-Aug-2026 12:03:53.587 INFO [main] org.apache.catalina.startup.VersionLoggerListener.log Command line argument: -Djava.io.tmpdir=/var/folders/4h/yp1x6drd3y92s2w4pthqh89c0000gn/T/spring-source-rollback-8v3jizy6/temp
27-Aug-2026 12:03:53.592 INFO [main] org.apache.catalina.core.AprLifecycleListener.lifecycleEvent The Apache Tomcat Native library which allows using OpenSSL was not found on the java.library.path: [/Users/stephen/Library/Java/Extensions:/Library/Java/Extensions:/Network/Library/Java/Extensions:/System/Library/Java/Extensions:/usr/lib/java:.]
27-Aug-2026 12:03:53.735 INFO [main] org.apache.coyote.AbstractProtocol.init Initializing ProtocolHandler ["http-nio-56068"]
27-Aug-2026 12:03:53.752 INFO [main] org.apache.catalina.startup.Catalina.load Server initialization in [275] milliseconds
27-Aug-2026 12:03:53.777 INFO [main] org.apache.catalina.core.StandardService.startInternal Starting service [Catalina]
27-Aug-2026 12:03:53.778 INFO [main] org.apache.catalina.core.StandardEngine.startInternal Starting Servlet engine: [Apache Tomcat/9.0.120]
27-Aug-2026 12:03:53.784 INFO [main] org.apache.catalina.startup.HostConfig.deployWAR Deploying web application archive [/private/var/folders/4h/yp1x6drd3y92s2w4pthqh89c0000gn/T/spring-source-rollback-8v3jizy6/webapps/ROOT.war]
27-Aug-2026 12:03:54.352 INFO [main] org.apache.jasper.servlet.TldScanner.scanJars At least one JAR was scanned for TLDs yet contained no TLDs. Enable debug logging for this logger for a complete list of JARs that were scanned but no TLDs were found in them. Skipping unneeded JARs during scanning can improve startup time and JSP compilation time.
27-Aug-2026 12:03:54.359 INFO [main] org.springframework.web.context.ContextLoader.initWebApplicationContext Root WebApplicationContext: initialization started
27-Aug-2026 12:03:54.566 INFO [main] org.springframework.web.context.ContextLoader.initWebApplicationContext Root WebApplicationContext initialized in 207 ms
27-Aug-2026 12:03:54.590 INFO [main] org.springframework.web.servlet.FrameworkServlet.initServletBean Initializing Servlet 'legacy'
27-Aug-2026 12:03:54.859 INFO [main] org.hibernate.validator.internal.util.Version.<clinit> HV000001: Hibernate Validator 6.2.5.Final
27-Aug-2026 12:03:55.023 INFO [main] org.springframework.web.servlet.FrameworkServlet.initServletBean Completed initialization in 433 ms
27-Aug-2026 12:03:55.028 INFO [main] org.apache.catalina.startup.HostConfig.deployWAR Deployment of web application archive [/private/var/folders/4h/yp1x6drd3y92s2w4pthqh89c0000gn/T/spring-source-rollback-8v3jizy6/webapps/ROOT.war] has finished in [1,244] ms
27-Aug-2026 12:03:55.030 INFO [main] org.apache.coyote.AbstractProtocol.start Starting ProtocolHandler ["http-nio-56068"]
27-Aug-2026 12:03:55.034 INFO [main] org.apache.catalina.startup.Catalina.start Server startup in [1281] milliseconds
27-Aug-2026 12:03:55.103 INFO [Thread-1] org.apache.coyote.AbstractProtocol.pause Pausing ProtocolHandler ["http-nio-56068"]
27-Aug-2026 12:03:56.108 INFO [Thread-1] org.apache.catalina.core.StandardService.stopInternal Stopping service [Catalina]
27-Aug-2026 12:03:56.149 INFO [Thread-1] org.apache.coyote.AbstractProtocol.stop Stopping ProtocolHandler ["http-nio-56068"]
27-Aug-2026 12:03:56.751 WARNING [Thread-1] org.apache.tomcat.util.net.Acceptor.stopMillis The acceptor thread [http-nio-56068-Acceptor] did not stop cleanly
27-Aug-2026 12:03:56.756 INFO [Thread-1] org.apache.coyote.AbstractProtocol.destroy Destroying ProtocolHandler ["http-nio-56068"]
