
  .   ____          _            __ _ _
 /\\ / ___'_ __ _ _(_)_ __  __ _ \ \ \ \
( ( )\___ | '_ | '_| | '_ \/ _` | \ \ \ \
 \\/  ___)| |_)| | | | | || (_| |  ) ) ) )
  '  |____| .__|_| |_|_| |_\__, | / / / /
 =========|_|==============|___/=/_/_/_/

 :: Spring Boot ::                (v3.5.3)

2026-08-26T16:29:44.365+08:00  INFO 67612 --- [           main] io.elmos.legacy.LegacyMvcApplication     : Starting LegacyMvcApplication v1.0.0 using Java 21.0.11 with PID 67612 (/private/tmp/elmos-mvc-exact-runtime.S3ekrH/qualification-final3/runs/spring-mvc-5.3.39-to-boot-3.5.3/migrated/target/legacy-spring-mvc-boot.war started by stephen in /private/tmp/elmos-mvc-exact-runtime.S3ekrH/qualification-final3/runs/spring-mvc-5.3.39-to-boot-3.5.3/migrated)
2026-08-26T16:29:44.367+08:00  INFO 67612 --- [           main] io.elmos.legacy.LegacyMvcApplication     : No active profile set, falling back to 1 default profile: "default"
2026-08-26T16:29:47.372+08:00  INFO 67612 --- [           main] o.s.b.w.embedded.tomcat.TomcatWebServer  : Tomcat initialized with port 51331 (http)
2026-08-26T16:29:47.387+08:00  INFO 67612 --- [           main] o.apache.catalina.core.StandardService   : Starting service [Tomcat]
2026-08-26T16:29:47.387+08:00  INFO 67612 --- [           main] o.apache.catalina.core.StandardEngine    : Starting Servlet engine: [Apache Tomcat/10.1.42]
2026-08-26T16:29:48.014+08:00  INFO 67612 --- [           main] org.apache.jasper.servlet.TldScanner     : At least one JAR was scanned for TLDs yet contained no TLDs. Enable debug logging for this logger for a complete list of JARs that were scanned but no TLDs were found in them. Skipping unneeded JARs during scanning can improve startup time and JSP compilation time.
2026-08-26T16:29:48.148+08:00  INFO 67612 --- [           main] o.a.c.c.C.[Tomcat].[localhost].[/]       : Initializing Spring embedded WebApplicationContext
2026-08-26T16:29:48.152+08:00  INFO 67612 --- [           main] w.s.c.ServletWebServerApplicationContext : Root WebApplicationContext: initialization completed in 3664 ms
2026-08-26T16:29:49.223+08:00  INFO 67612 --- [           main] o.s.b.a.e.web.EndpointLinksResolver      : Exposing 1 endpoint beneath base path '/actuator'
2026-08-26T16:29:49.369+08:00  INFO 67612 --- [           main] o.s.b.w.embedded.tomcat.TomcatWebServer  : Tomcat started on port 51331 (http) with context path '/'
2026-08-26T16:29:49.396+08:00  INFO 67612 --- [           main] io.elmos.legacy.LegacyMvcApplication     : Started LegacyMvcApplication in 5.658 seconds (process running for 6.396)
2026-08-26T16:29:49.437+08:00  INFO 67612 --- [.1-51331-exec-1] o.a.c.c.C.[Tomcat].[localhost].[/]       : Initializing Spring DispatcherServlet 'dispatcherServlet'
2026-08-26T16:29:49.438+08:00  INFO 67612 --- [.1-51331-exec-1] o.s.web.servlet.DispatcherServlet        : Initializing Servlet 'dispatcherServlet'
2026-08-26T16:29:49.438+08:00  INFO 67612 --- [.1-51331-exec-1] o.s.web.servlet.DispatcherServlet        : Completed initialization in 0 ms
2026-08-26T16:29:50.900+08:00  INFO 67612 --- [ionShutdownHook] o.s.b.w.e.tomcat.GracefulShutdown        : Commencing graceful shutdown. Waiting for active requests to complete
2026-08-26T16:29:50.913+08:00  INFO 67612 --- [tomcat-shutdown] o.s.b.w.e.tomcat.GracefulShutdown        : Graceful shutdown complete
