
  .   ____          _            __ _ _
 /\\ / ___'_ __ _ _(_)_ __  __ _ \ \ \ \
( ( )\___ | '_ | '_| | '_ \/ _` | \ \ \ \
 \\/  ___)| |_)| | | | | || (_| |  ) ) ) )
  '  |____| .__|_| |_|_| |_\__, | / / / /
 =========|_|==============|___/=/_/_/_/

 :: Spring Boot ::                (v3.5.3)

2026-08-30T17:26:45.841+08:00  INFO 85183 --- [           main] io.elmos.legacy.LegacyMvcApplication     : Starting LegacyMvcApplication v1.0.0 using Java 21.0.11 with PID 85183 (/Users/stephen/DevProjects/AIProjects/elmos-legacy-web-all-skills/framework-packs/spring-framework-5-3-mvc-to-spring-boot-3-5-3/certification/local-execution/2026-08-30/artifacts/executed-spring-boot-3.5.3.war started by stephen in /Users/stephen/DevProjects/AIProjects/elmos-legacy-web-all-skills)
2026-08-30T17:26:45.842+08:00  INFO 85183 --- [           main] io.elmos.legacy.LegacyMvcApplication     : No active profile set, falling back to 1 default profile: "default"
2026-08-30T17:26:46.541+08:00  INFO 85183 --- [           main] o.s.b.w.embedded.tomcat.TomcatWebServer  : Tomcat initialized with port 60688 (http)
2026-08-30T17:26:46.554+08:00  INFO 85183 --- [           main] o.apache.catalina.core.StandardService   : Starting service [Tomcat]
2026-08-30T17:26:46.555+08:00  INFO 85183 --- [           main] o.apache.catalina.core.StandardEngine    : Starting Servlet engine: [Apache Tomcat/10.1.42]
2026-08-30T17:26:46.947+08:00  INFO 85183 --- [           main] org.apache.jasper.servlet.TldScanner     : At least one JAR was scanned for TLDs yet contained no TLDs. Enable debug logging for this logger for a complete list of JARs that were scanned but no TLDs were found in them. Skipping unneeded JARs during scanning can improve startup time and JSP compilation time.
2026-08-30T17:26:47.003+08:00  INFO 85183 --- [           main] o.a.c.c.C.[Tomcat].[localhost].[/]       : Initializing Spring embedded WebApplicationContext
2026-08-30T17:26:47.003+08:00  INFO 85183 --- [           main] w.s.c.ServletWebServerApplicationContext : Root WebApplicationContext: initialization completed in 1138 ms
2026-08-30T17:26:47.288+08:00  INFO 85183 --- [           main] o.s.b.a.e.web.EndpointLinksResolver      : Exposing 1 endpoint beneath base path '/actuator'
2026-08-30T17:26:47.324+08:00  INFO 85183 --- [           main] o.s.b.w.embedded.tomcat.TomcatWebServer  : Tomcat started on port 60688 (http) with context path '/'
2026-08-30T17:26:47.335+08:00  INFO 85183 --- [           main] io.elmos.legacy.LegacyMvcApplication     : Started LegacyMvcApplication in 1.807 seconds (process running for 2.514)
2026-08-30T17:26:47.398+08:00  INFO 85183 --- [.1-60688-exec-1] o.a.c.c.C.[Tomcat].[localhost].[/]       : Initializing Spring DispatcherServlet 'dispatcherServlet'
2026-08-30T17:26:47.398+08:00  INFO 85183 --- [.1-60688-exec-1] o.s.web.servlet.DispatcherServlet        : Initializing Servlet 'dispatcherServlet'
2026-08-30T17:26:47.398+08:00  INFO 85183 --- [.1-60688-exec-1] o.s.web.servlet.DispatcherServlet        : Completed initialization in 0 ms
2026-08-30T17:26:47.970+08:00  INFO 85183 --- [ionShutdownHook] o.s.b.w.e.tomcat.GracefulShutdown        : Commencing graceful shutdown. Waiting for active requests to complete
2026-08-30T17:26:47.972+08:00  INFO 85183 --- [tomcat-shutdown] o.s.b.w.e.tomcat.GracefulShutdown        : Graceful shutdown complete
