
  .   ____          _            __ _ _
 /\\ / ___'_ __ _ _(_)_ __  __ _ \ \ \ \
( ( )\___ | '_ | '_| | '_ \/ _` | \ \ \ \
 \\/  ___)| |_)| | | | | || (_| |  ) ) ) )
  '  |____| .__|_| |_|_| |_\__, | / / / /
 =========|_|==============|___/=/_/_/_/
 :: Spring Boot ::               (v2.7.18)

2026-07-26 22:01:54.707  INFO 46353 --- [           main] io.elmos.reference.ReferenceApplication  : Starting ReferenceApplication v1.0.0 using Java 17.0.11 on StephendeMacBook-Air.local with PID 46353 (/Users/stephen/DevProjects/AIProjects/elmos/framework-packs/spring-boot-2-7-18-to-3-5-3/corpus/development/source/target/spring-reference-2-7-18-1.0.0.jar started by stephen in /Users/stephen/DevProjects/AIProjects/elmos/framework-packs/spring-boot-2-7-18-to-3-5-3/corpus/development/source)
2026-07-26 22:01:54.710  INFO 46353 --- [           main] io.elmos.reference.ReferenceApplication  : No active profile set, falling back to 1 default profile: "default"
2026-07-26 22:01:56.450  INFO 46353 --- [           main] o.s.b.w.embedded.tomcat.TomcatWebServer  : Tomcat initialized with port(s): 56694 (http)
2026-07-26 22:01:56.512  INFO 46353 --- [           main] o.apache.catalina.core.StandardService   : Starting service [Tomcat]
2026-07-26 22:01:56.512  INFO 46353 --- [           main] org.apache.catalina.core.StandardEngine  : Starting Servlet engine: [Apache Tomcat/9.0.83]
2026-07-26 22:01:56.785  INFO 46353 --- [           main] o.a.c.c.C.[Tomcat].[localhost].[/]       : Initializing Spring embedded WebApplicationContext
2026-07-26 22:01:56.785  INFO 46353 --- [           main] w.s.c.ServletWebServerApplicationContext : Root WebApplicationContext: initialization completed in 2036 ms
2026-07-26 22:01:57.906  INFO 46353 --- [           main] o.s.b.a.e.web.EndpointLinksResolver      : Exposing 1 endpoint(s) beneath base path '/actuator'
2026-07-26 22:01:57.989  INFO 46353 --- [           main] o.s.b.w.embedded.tomcat.TomcatWebServer  : Tomcat started on port(s): 56694 (http) with context path ''
2026-07-26 22:01:58.017  INFO 46353 --- [           main] io.elmos.reference.ReferenceApplication  : Started ReferenceApplication in 3.6 seconds (JVM running for 3.868)
2026-07-26 22:01:58.090  INFO 46353 --- [.1-56694-exec-1] o.a.c.c.C.[Tomcat].[localhost].[/]       : Initializing Spring DispatcherServlet 'dispatcherServlet'
2026-07-26 22:01:58.090  INFO 46353 --- [.1-56694-exec-1] o.s.web.servlet.DispatcherServlet        : Initializing Servlet 'dispatcherServlet'
2026-07-26 22:01:58.091  INFO 46353 --- [.1-56694-exec-1] o.s.web.servlet.DispatcherServlet        : Completed initialization in 1 ms
2026-07-26 22:01:58.281  INFO 46353 --- [ionShutdownHook] o.s.b.w.e.tomcat.GracefulShutdown        : Commencing graceful shutdown. Waiting for active requests to complete
2026-07-26 22:01:58.286  INFO 46353 --- [tomcat-shutdown] o.s.b.w.e.tomcat.GracefulShutdown        : Graceful shutdown complete
