
  .   ____          _            __ _ _
 /\\ / ___'_ __ _ _(_)_ __  __ _ \ \ \ \
( ( )\___ | '_ | '_| | '_ \/ _` | \ \ \ \
 \\/  ___)| |_)| | | | | || (_| |  ) ) ) )
  '  |____| .__|_| |_|_| |_\__, | / / / /
 =========|_|==============|___/=/_/_/_/

 :: Spring Boot ::                (v3.5.3)

2026-08-11T20:45:39.851+08:00  INFO 95009 --- [           main] io.elmos.legacy.LegacyMvcApplication     : Starting LegacyMvcApplication v1.0.0 using Java 21.0.11 with PID 95009 (/private/tmp/elmos-mvc-exact-runtime.b7Vy7T/workspace/runs/spring-mvc-5.3.39-to-boot-3.5.3/migrated/target/legacy-spring-mvc-boot.war started by stephen in /private/tmp/elmos-mvc-exact-runtime.b7Vy7T/workspace/runs/spring-mvc-5.3.39-to-boot-3.5.3/migrated)
2026-08-11T20:45:39.854+08:00  INFO 95009 --- [           main] io.elmos.legacy.LegacyMvcApplication     : No active profile set, falling back to 1 default profile: "default"
2026-08-11T20:45:40.889+08:00  INFO 95009 --- [           main] o.s.b.w.embedded.tomcat.TomcatWebServer  : Tomcat initialized with port 49270 (http)
2026-08-11T20:45:40.901+08:00  INFO 95009 --- [           main] o.apache.catalina.core.StandardService   : Starting service [Tomcat]
2026-08-11T20:45:40.902+08:00  INFO 95009 --- [           main] o.apache.catalina.core.StandardEngine    : Starting Servlet engine: [Apache Tomcat/10.1.42]
2026-08-11T20:45:41.301+08:00  INFO 95009 --- [           main] org.apache.jasper.servlet.TldScanner     : At least one JAR was scanned for TLDs yet contained no TLDs. Enable debug logging for this logger for a complete list of JARs that were scanned but no TLDs were found in them. Skipping unneeded JARs during scanning can improve startup time and JSP compilation time.
2026-08-11T20:45:41.387+08:00  INFO 95009 --- [           main] o.a.c.c.C.[Tomcat].[localhost].[/]       : Initializing Spring embedded WebApplicationContext
2026-08-11T20:45:41.388+08:00  INFO 95009 --- [           main] w.s.c.ServletWebServerApplicationContext : Root WebApplicationContext: initialization completed in 1497 ms
2026-08-11T20:45:41.876+08:00  INFO 95009 --- [           main] o.s.b.a.e.web.EndpointLinksResolver      : Exposing 1 endpoint beneath base path '/actuator'
2026-08-11T20:45:41.940+08:00  INFO 95009 --- [           main] o.s.b.w.embedded.tomcat.TomcatWebServer  : Tomcat started on port 49270 (http) with context path '/'
2026-08-11T20:45:41.956+08:00  INFO 95009 --- [           main] io.elmos.legacy.LegacyMvcApplication     : Started LegacyMvcApplication in 2.51 seconds (process running for 2.896)
2026-08-11T20:45:42.016+08:00  INFO 95009 --- [.1-49270-exec-1] o.a.c.c.C.[Tomcat].[localhost].[/]       : Initializing Spring DispatcherServlet 'dispatcherServlet'
2026-08-11T20:45:42.016+08:00  INFO 95009 --- [.1-49270-exec-1] o.s.web.servlet.DispatcherServlet        : Initializing Servlet 'dispatcherServlet'
2026-08-11T20:45:42.017+08:00  INFO 95009 --- [.1-49270-exec-1] o.s.web.servlet.DispatcherServlet        : Completed initialization in 1 ms
2026-08-11T20:45:42.776+08:00  INFO 95009 --- [ionShutdownHook] o.s.b.w.e.tomcat.GracefulShutdown        : Commencing graceful shutdown. Waiting for active requests to complete
2026-08-11T20:45:42.784+08:00  INFO 95009 --- [tomcat-shutdown] o.s.b.w.e.tomcat.GracefulShutdown        : Graceful shutdown complete
